// Jest Snapshot v1, https://goo.gl/fbAQLP

exports[`commands / secret / create should create a namespaced secret 1`] = `
Array [
  "default",
  Object {
    "apiVersion": "v1",
    "kind": "Secret",
    "metadata": Object {
      "name": "name",
    },
    "stringData": Object {
      "foo": "bar",
    },
    "type": "Opaque",
  },
]
`;
